heartbeat: system ok
heartbeat: system ok
heartbeat: system ok
heartbeat: system ok
heartbeat: system ok
heartbeat: system ok
heartbeat: system ok
heartbeat: system ok
ERROR_CRASH_DUMP: x0234af - invalid memory access at 0x0001
heartbeat: system ok